// Jest Snapshot v1, https://goo.gl/fbAQLP

exports[`<DetailContainer /> with props should match the snapshot 1`] = `"<div class=\\"sc-ifAKCX jtdfU\\"><div class=\\"sc-bxivhb hnjaHi\\"><div class=\\"main\\"><div><h2> - </h2><p>, , </p></div><p aria-label=\\"View Details\\"><a class=\\"link\\" href=\\"/\\">&gt;Back</a></p></div><div>Loading...</div></div></div>"`;

exports[`<ListContainer /> with props should match the snapshot 1`] = `"<input type=\\"text\\" value=\\"\\" placeholder=\\"Search airports...\\"/><div class=\\"sc-bwzfXH bFHdpU\\"><div class=\\"sc-bdVaJa lgVskm\\"><div class=\\"content__left\\"><div><h3 aria-label=\\"Anaa\\">AAA - Anaa</h3><p aria-label=\\"Anaa\\">Anaa, French Polynesia, South Pacific</p></div></div><div class=\\"content__right\\"><div><p aria-label=\\"View Details\\"><a class=\\"link\\" href=\\"/anaa\\">View Details</a></p></div></div></div></div>}"`;
