// Jest Snapshot v1, https://goo.gl/fbAQLP

exports[`<Detail /> with no props should match the snapshot 1`] = `"<div class=\\"sc-bwzfXH kIFqpD\\"><div class=\\"main\\"><div><h2> - </h2><p>, , </p></div><p aria-label=\\"View Details\\"><a class=\\"link\\" href=\\"/\\">&gt;Back</a></p></div><div>Loading...</div></div>"`;
